[www.wix.com/demone2/tech-company-volaso.html]
[static.parastorage.com/services/wix-thunderbolt/dist/originTrials.41d7301a.bundle.min.js]
[static.parastorage.com/unpkg/core-js-bundle@3.2.1/minified.js]
[static.parastorage.com/unpkg/focus-within-polyfill@5.0.9/dist/focus-within-polyfill.js]
[backblue.gif]
[fade.gif]
[index.html]
[polyfill.io/v3/polyfill.mind82c.js]
[static.parastorage.com/services/cookie-sync-service/1.28.0/embed-cidx.bundle.min.js]
[www.wix.com/demone2/tech-company-volaso/technology.html]
[www.wix.com/demone2/tech-company-volaso/about.html]
[www.wix.com/demone2/tech-company-volaso/contact.html]
[static.wixstatic.com/media/c837a6_518925604ea94963890d43b5f41aa5bff000.jpg/v1/fill/w_100,h_56,al_c,q_80,usm_0.66_1.00_0.01,blur_3,enc_auto/c837a6_518925604ea94963890d43b5f41aa5bff000.jpg]
[static.wixstatic.com/media/84770f_4768df327fc14639ab855ebaa4699255_mv2.jpg/v1/fill/w_147,h_104,al_c,q_80,usm_0.66_1.00_0.01,blur_2,enc_auto/Robot_Dark_Background.jpg]
[static.wixstatic.com/media/c837a6_f801794919b24f6c9702a36cdde944e7_mv2.jpg/v1/fill/w_147,h_147,al_c,q_80,usm_0.66_1.00_0.01,blur_2,enc_auto/Battery.jpg]
[static.wixstatic.com/media/c837a6_aa7ca0ce5fc544f780c11d8b6964001b_mv2.jpg/v1/fill/w_147,h_147,al_c,q_80,usm_0.66_1.00_0.01,blur_2,enc_auto/Robot_Back_View.jpg]
[static.wixstatic.com/media/c837a6_3da3147ce6194772a7ab359d935309e3_mv2.jpg/v1/fill/w_147,h_147,al_c,q_80,usm_0.66_1.00_0.01,blur_2,enc_auto/Sensor.jpg]
[static.wixstatic.com/media/84770f_d8e3b8a927114130962994bc367c5ee8_mv2.jpg/v1/fill/w_151,h_90,al_c,q_80,usm_0.66_1.00_0.01,blur_3,enc_auto/84770f_d8e3b8a927114130962994bc367c5ee8_mv2.jpg]
[static.wixstatic.com/media/c837a6_cec501896c5b45589d6eda4ebb8cad5cf000.jpg/v1/fill/w_160,h_90,al_c,q_80,usm_0.66_1.00_0.01,blur_3,enc_auto/c837a6_cec501896c5b45589d6eda4ebb8cad5cf000.jpg]
[www.wix.com/demone2/media/emptystate.85a4add5.svg]
[static.wixstatic.com/media/c837a6_83627270620e42829da474a612fff9bd_mv2.jpg/v1/fit/w_959,h_540,q_90/c837a6_83627270620e42829da474a612fff9bd_mv2.jpg]
[static.wixstatic.com/media/c837a6_9f228b29313e42339bcbbe9fdb97a1d9_mv2.jpg/v1/fit/w_959,h_540,q_90/c837a6_9f228b29313e42339bcbbe9fdb97a1d9_mv2.jpg]
[static.wixstatic.com/media/c837a6_a9e2b3a77a624b7bb7604e1e5ae16417_mv2.jpg/v1/fit/w_959,h_540,q_90/c837a6_a9e2b3a77a624b7bb7604e1e5ae16417_mv2.jpg]
[static.wixstatic.com/media/c837a6_44679917ec974196abb9a237cf851205_mv2.jpg/v1/fit/w_959,h_540,q_90/c837a6_44679917ec974196abb9a237cf851205_mv2.jpg]
[www.wix.com/demone2/tech-company-volaso/terms-and-coniditions.html]
[browser.sentry-cdn.com/6.18.2/bundle.min.js]
[www.wix.com/demone2/tech-company-volaso/privacy-policy.html]
[www.wix.com/demone2/robots.txt]
[www.wix.com/demone2/sitemap.xml]
[www.wix.com/demone2/feed.xml]
[www.wix.com/demone2/${n.uri}]
[static.parastorage.com/services/wix-thunderbolt/dist/thunderbolt-commons.354484c3.bundle.min.js]
[static.parastorage.com/services/wix-thunderbolt/dist/main.72e1f7cd.bundle.min.js]
[static.parastorage.com/unpkg/lodash@4.17.21/lodash.min.js]
[static.parastorage.com/unpkg/react@18.2.0/umd/react.production.min.js]
[static.parastorage.com/unpkg/react-dom@18.2.0/umd/react-dom.production.min.js]
[www.wix.com/demone2/decodeURIComponent(e]
[static.parastorage.com/services/tag-manager-client/1.820.0/siteTags.bundle.min.js]
[www.wix.com/demone2/tech-company-volaso.html]
[static.parastorage.com/services/wix-perf-measure/1.1095.0/wix-perf-measure.umd.min.js]
[static.wixstatic.com/media/84770f_746f2bc29f4c466aaaf4af4a111bcb8a_mv2.jpg/v1/fill/w_100,h_61,al_c,q_80,usm_0.66_1.00_0.01,blur_3,enc_auto/84770f_746f2bc29f4c466aaaf4af4a111bcb8a_mv2.jpg]
[static.wixstatic.com/media/84770f_32fdaa774b424f8eb89712416c1fa39e_mv2.jpg/v1/fill/w_147,h_91,al_c,q_80,usm_0.66_1.00_0.01,blur_2,enc_auto/Robot_Sensoring_Man.jpg]
[static.wixstatic.com/media/84770f_a31825db46704de9b4aa51e7a7392c86_mv2.jpg/v1/fill/w_147,h_91,al_c,q_80,usm_0.66_1.00_0.01,blur_2,enc_auto/Engine.jpg]
[static.wixstatic.com/media/84770f_83620da1fe564cf887763295d0233c5c_mv2.jpg/v1/fill/w_147,h_101,al_c,q_80,usm_0.66_1.00_0.01,blur_2,enc_auto/Woman_Reciving_Delivery.jpg]
[static.wixstatic.com/media/c837a6_457b81c813224da582a9ca85fec8dcaa_mv2.jpg/v1/fill/w_147,h_101,al_c,q_80,usm_0.66_1.00_0.01,blur_2,enc_auto/c837a6_457b81c813224da582a9ca85fec8dcaa_mv2.jpg]
[www.wix.com/demone2/tech-company-volaso/robots.txt]
[www.wix.com/demone2/tech-company-volaso/feed.xml]
[www.wix.com/demone2/tech-company-volaso/sitemap.xml]
[www.wix.com/demone2/tech-company-volaso/${n.uri}]
[www.wix.com/demone2/tech-company-volaso/decodeURIComponent(e]
[www.wix.com/demone2/tech-company-volaso/technology.html]
[static.wixstatic.com/media/84770f_2cc5700515584298ada99a1f850ca582_mv2.jpg/v1/fill/w_100,h_61,al_c,q_80,usm_0.66_1.00_0.01,blur_3,enc_auto/84770f_2cc5700515584298ada99a1f850ca582_mv2.jpg]
[static.wixstatic.com/media/84770f_684254e0102b45659f2e6590b6c6d046_mv2.jpg/v1/fill/w_147,h_101,al_c,q_80,usm_0.66_1.00_0.01,blur_2,enc_auto/Robot_Ocean.jpg]
[static.wixstatic.com/media/84770f_2cae65a0da354bc9b310bae52425c6d2_mv2.jpg/v1/fill/w_147,h_101,al_c,q_80,usm_0.66_1.00_0.01,blur_2,enc_auto/Engineer.jpg]
[static.wixstatic.com/media/84770f_8f55dff777f3450585fa03b2b37f83a0_mv2.jpg/v1/fill/w_147,h_137,al_c,q_80,usm_0.66_1.00_0.01,blur_2,enc_auto/CEO.jpg]
[static.wixstatic.com/media/84770f_cfb02601ec52413b803de25a7b58abb3_mv2.jpg/v1/fill/w_147,h_137,al_c,q_80,usm_0.66_1.00_0.01,blur_2,enc_auto/VPE.jpg]
[static.wixstatic.com/media/84770f_75d9955309364debaf6f0beea9048c44_mv2.jpg/v1/fill/w_147,h_137,al_c,q_80,usm_0.66_1.00_0.01,blur_2,enc_auto/CTO.jpg]
[www.wix.com/demone2/tech-company-volaso/media/emptystate.85a4add5.svg]
[static.wixstatic.com/media/c837a6_9665561f4e6a4e25946379eac16fb491_mv2.jpg/v1/fit/w_959,h_540,q_90/c837a6_9665561f4e6a4e25946379eac16fb491_mv2.jpg]
[static.wixstatic.com/media/c837a6_059170bba4dd446d808e8724d150db53_mv2.jpg/v1/fit/w_959,h_540,q_90/c837a6_059170bba4dd446d808e8724d150db53_mv2.jpg]
[static.wixstatic.com/media/c837a6_24d29a6a44fc467ebaf1bf2233cb9d19_mv2.jpg/v1/fit/w_959,h_540,q_90/c837a6_24d29a6a44fc467ebaf1bf2233cb9d19_mv2.jpg]
[static.wixstatic.com/media/c837a6_ba68cf650a874982b89a363b4abb77a0_mv2.jpg/v1/fit/w_959,h_540,q_90/c837a6_ba68cf650a874982b89a363b4abb77a0_mv2.jpg]
[www.wix.com/demone2/tech-company-volaso/about.html]
[www.wix.com/demone2/tech-company-volaso/contact.html]
[www.wix.com/demone2/media/emptystate.85a4add5.html]
[www.wix.com/demone2/tech-company-volaso/terms-and-coniditions.html]
[www.wix.com/demone2/tech-company-volaso/privacy-policy.html]
[www.wix.com/demone2/robots.html]
[www.wix.com/demone2/sitemap.html]
[www.wix.com/demone2/feed.html]
[www.wix.com/demone2/${n.html]
[www.wix.com/demone2/decodeURIComponent(e.html]
[www.wix.com/demone2/tech-company-volaso/robots.html]
[www.wix.com/demone2/tech-company-volaso/feed.html]
[www.wix.com/demone2/tech-company-volaso/${n.html]
[www.wix.com/demone2/tech-company-volaso/decodeURIComponent(e.html]
[www.wix.com/demone2/tech-company-volaso/media/emptystate.85a4add5.html]
